
running 1 test
biguint_inputs: [7047664353631017015506837167881441322917413083438638290547050405735091682869846694162885134083523020061953930420257928, 1872186812843082147110859092757625633206678468678345917355637090253624402784300367532334613721758529443148511332259469, 2857607264481630153363840952855958346476590748601335949146452467554226515874404579289593303126987292425442834988696785, 1590462821228185575569371212464236861652085994335556340074487148285597084632677882594078039815488117346896548111634401, 882333864800246634682302620464370854870588997730988426583120769845127921938835991724834848008579886359343280941901961, 1306981966875327494271594581413984615466578540634218539821703396705681430712621786377437726810070044412251556623746957, 38216942252563925633568671347353468101727479762570888401039454794687967529318234009761555427142596102127462365282572916, 19330087507969137877335305551463609288541851743063893264933836505938693306143165586824135532462962322049605726623555396, 4500610413028116246249039206024122450019498153139670212125386269796439719814808967411333188436453149056246051710421677, 9459794520703593391708385881204801606997916951471973472149421830627712541164475184633993346803202864694308201015972728, 4751901621381346142510493973029788306040851050964462961346516125166175759357351022433415007971584721149904039745474388, 9498626368246858923896467275213634492162244134480667671424339697810024479986814927357540894573280003699084459428083085]
final_exp_factor: 2366356426548243601069753987687709088104621721678962410379583120840019275952471579477684846670499039076873213559162845121989217658133790336552276567078487633052653005423051750848782286407340332979263075575489766963251914185767058009683318020965829271737924625612375201545022326908440428522712877494557944965298566001441468676802477524234094954960009227631543471415676620753242466901942121887152806837594306028649150255258504417829961387165043999299071444887652375514277477719817175923289019181393803729926249507024121957184340179467502106891835144220611408665090353102353194448552304429530104218473070114105759487413726485729058069746063140422361472585604626055492939586602274983146215294625774144156395553405525711143696689756441298365274341189385646499074862712688473936093315628166094221735056483459332831845007196600723053356837526749543765815988577005929923802636375670820616189737737304893769679803809426304143627363860243558537831172903494450556755190448279875942974830469855835666815454271389438587399739607656399812689280234103023464545891697941661992848552456326290792224091557256350095392859243101357349751064730561345062266850238821755009430903520645523345000326783803935359711318798844368754833295302563158150573540616830138810935344206231367357992991289265295323280
exponent: 63891623516802577228883357667568145378824786485331985080248744262680520450716732645897490860103474055075576766097396818293708876769612339086911467311119166092421631146422397272917121732998188990440103040538223708007801683015710566261449586566077390336923964891534130441715602826527891570113247692353064514063061282038919654273666893154320563783920249146051673728223268760337546606352437290953125784615046262773527056891979619281408957453456187981074929011966614138885491898435063749928803517897632700708008736689651292843977184845622556886079548893956508033957439533763536250110912219597312813898772893080855506160170615114684567883143704791403759759811324903498309368838261424544947812954895901892222679941949194200879810623423915055862407212113412455475021293242588796274519521960484543986846525053401986459815194308219522440634613222237681677031691579160107942671182143112156637122918907232131781354702854510211877938824226576080521441668394350165032390142103556650460320422686107563004017265327514841859792969406722794942610566320781633542739075844424873806910916320809851390050472045921452575607199563736648443278747725156316681204956448187385254634395057429130315008823162706254712205607568797956380498973169205270065485596654413747895254293568246918665810764810162973728560
exp_uint: 63891623516802577228883357667568145378824786485331985080248744262680520450716732645897490860103474055075576766097396818293708876769612339086911467311119166092421631146422397272917121732998188990440103040538223708007801683015710566261449586566077390336923964891534130441715602826527891570113247692353064514063061282038919654273666893154320563783920249146051673728223268760337546606352437290953125784615046262773527056891979619281408957453456187981074929011966614138885491898435063749928803517897632700708008736689651292843977184845622556886079548893956508033957439533763536250110912219597312813898772893080855506160170615114684567883143704791403759759811324903498309368838261424544947812954895901892222679941949194200879810623423915055862407212113412455475021293242588796274519521960484543986846525053401986459815194308219522440634613222237681677031691579160107942671182143112156637122918907232131781354702854510211877938824226576080521441668394350165032390142103556650460320422686107563004017265327514841859792969406722794942610566320781633542739075844424873806910916320809851390050472045921452575607199563736648443278747725156316681204956448187385254634395057429130315008823162706254712205607568797956380498973169205270065485596654413747895254293568246918665810764810162973728560
miller_loop: QuadExtField { c0: CubicExtField { c0: QuadExtField { c0: BigInt([13352979914909691112, 16225265868461637258, 15562307120948131876, 7823979127571867704, 10394173624746797749, 1602788960470623164]), c1: BigInt([13085538333209362588, 15385057338805745358, 5170755977588112197, 7665481323537872999, 2852785099585031524, 1433318883999460499]) }, c1: QuadExtField { c0: BigInt([70064116971744910, 13223406830208301214, 14165343625290454493, 14158736707028104711, 14017953466563167352, 1820821729334367784]), c1: BigInt([13877842100834870450, 14535130775992574799, 1601946906018769466, 10363021866884384787, 18385719096786946157, 705167110030808253]) }, c2: QuadExtField { c0: BigInt([12760006323252788629, 1937239744330911357, 9759601762483181033, 14167380340634706765, 4499145558979619935, 844463295490992232]), c1: BigInt([13599149492669886923, 11490230382387913741, 389847110232155609, 17606449608980287197, 9047198874026345544, 1028307679834276291]) } }, c1: CubicExtField { c0: QuadExtField { c0: BigInt([7927373423232989360, 8988616938281566557, 14205541169864232987, 5203468356205474652, 11840707631029013856, 906287947862357463]), c1: BigInt([3270269664219530149, 16229366588168623165, 12008011279242434803, 15115207688526143020, 1905941113856981449, 1147837399045345557]) }, c1: QuadExtField { c0: BigInt([2546977813223863265, 10041629830458667305, 11962625547268762356, 14072545273112077139, 14600161812034412368, 890488999687226916]), c1: BigInt([8660565182214716175, 1723957030319036481, 9004445282345181707, 5326543129887228581, 14913170119702429744, 983499281346352674]) }, c2: QuadExtField { c0: BigInt([824610425493289075, 2949633543450982777, 11715913609612797580, 17398879102080161422, 13433163334539780165, 487586916826919230]), c1: BigInt([17722433881220051574, 7089435002596244509, 14851511522256599192, 12027624305998204892, 12417052197266509271, 425327350102811401]) } } }
miller_loop: "QuadExtField(CubicExtField(QuadExtField(3423536440882403091527074586250007377299320345984412362628086156795978005972052743754906816455451355260010715032808 + 3061550554563474384751244138958392094614191766829234905565940683701622005079084837599490918508214337451886046838940 * u), QuadExtField(3889251608581301856956807106258682851533297984823326904695016497791949074437181941957023557999123966424218653568654 + 1506227805183620382508651647082911499003514819770209597660068244356519387815250410331051051268898723852521905398962 * u), QuadExtField(1803762651479808130388858802471940428074777344406691810067979897840958830851661547443569600196440271006540978748821 + 2196451873063924017395098224079860429034741334101969203452444329247112652608642569121559714010937935898023769256395 * u)) + CubicExtField(QuadExtField(1935819307445361215614091227055214922362597793241111888963710975713330431714080062773944218754541893647850881726640 + 2451765803706034520798482984928116528664605578424186665327766595744465922909539430396971398945680410614284432343973 * u), QuadExtField(1902072958962096047443441896966178049561863528225349012152924793028144663107207777752293295439542677652889353221089 + 2100741714793341062148522990860085054002847956097839109768454966625751054625310955922479171338850572764034957196047 * u), QuadExtField(1041479333226946523577449881270072207831143696860601457363117586950190224726477339944792195443127936923538217007219 + 908493705842199316052018742333928652761202765401959531365740787697373372056675035043150650125832937161350643708534 * u)) * u)"
root: QuadExtField { c0: CubicExtField { c0: QuadExtField { c0: BigInt([1, 0, 0, 0, 0, 0]), c1: BigInt([0, 0, 0, 0, 0, 0]) }, c1: QuadExtField { c0: BigInt([0, 0, 0, 0, 0, 0]), c1: BigInt([0, 0, 0, 0, 0, 0]) }, c2: QuadExtField { c0: BigInt([0, 0, 0, 0, 0, 0]), c1: BigInt([0, 0, 0, 0, 0, 0]) } }, c1: CubicExtField { c0: QuadExtField { c0: BigInt([0, 0, 0, 0, 0, 0]), c1: BigInt([0, 0, 0, 0, 0, 0]) }, c1: QuadExtField { c0: BigInt([0, 0, 0, 0, 0, 0]), c1: BigInt([0, 0, 0, 0, 0, 0]) }, c2: QuadExtField { c0: BigInt([0, 0, 0, 0, 0, 0]), c1: BigInt([0, 0, 0, 0, 0, 0]) } } }
exponent_inv: 10
exponent: 17
exponent: 17
scaling_factor: QuadExtField { c0: CubicExtField { c0: QuadExtField { c0: BigInt([1, 0, 0, 0, 0, 0]), c1: BigInt([0, 0, 0, 0, 0, 0]) }, c1: QuadExtField { c0: BigInt([0, 0, 0, 0, 0, 0]), c1: BigInt([0, 0, 0, 0, 0, 0]) }, c2: QuadExtField { c0: BigInt([0, 0, 0, 0, 0, 0]), c1: BigInt([0, 0, 0, 0, 0, 0]) } }, c1: CubicExtField { c0: QuadExtField { c0: BigInt([0, 0, 0, 0, 0, 0]), c1: BigInt([0, 0, 0, 0, 0, 0]) }, c1: QuadExtField { c0: BigInt([0, 0, 0, 0, 0, 0]), c1: BigInt([0, 0, 0, 0, 0, 0]) }, c2: QuadExtField { c0: BigInt([0, 0, 0, 0, 0, 0]), c1: BigInt([0, 0, 0, 0, 0, 0]) } } }
scaling_factor: ""
exponent: 1831641335620623066030493719814750505730353469232607408984136636587602798828541096315617787337660580896596326998534644457004429745922908233143891672764988414950129738729858091158205555565902620547217447631024516567208419316911441452506166124582175761417927641295939217754840037829611255709087158279242957940625143296408819749143295856831426628369017685600998542951914342403397019136966636888082401920580506454124412301032882712464981559302655280563177865634616387141297622595244784621594534214052542425250197179149807006335538265574872503469097186776521644002111433399650909641885318866460936246236243529502790661531948114436384119347931262823673992912046778604767497085407555474313407712735307333317882930639512124999103536572343436126871997578016786488693723339409687453114134784227807901874533332546112824417573327256689835936839706774393384112352709458439683933327013619962098977697684860933918339286553214389828566701676847442687594385334748280300467909322727863382808795828794016038705718095323209413819963715797469895587732751744906760424173767179546312457734136109353976884272162867417651164377486191418315758965239169722140695318540646880198727657740603762882647173358897627586506579349681824692808439213054305286657596509971558805903962977863660242510377179301897268259
residue_witness: QuadExtField { c0: CubicExtField { c0: QuadExtField { c0: BigInt([9096706272374853567, 14898660721566754655, 458597708303091919, 14955012208972265360, 6654525446716043475, 189362486309364499]), c1: BigInt([2837155673039126692, 9116937090183667566, 5214420657665673306, 7535572784972659737, 10643218167365805456, 368189273507333571]) }, c1: QuadExtField { c0: BigInt([17079453471861210881, 15420312264907251336, 7658963819218784418, 12810069381947717566, 14133450519055156090, 628668410081708266]), c1: BigInt([4811387344897818013, 556466205977837040, 12183032358724818333, 13706481934618101833, 6066694697279809863, 1084530694892484639]) }, c2: QuadExtField { c0: BigInt([10157634261003129659, 14176005825731282205, 3321254447475327545, 12202777191036794332, 959550977821851625, 1118578219088746244]), c1: BigInt([2336262110435436563, 5169578509472271880, 4873824314590267516, 678296696213098145, 5332716752462674444, 1238665561086056542]) } }, c1: CubicExtField { c0: QuadExtField { c0: BigInt([8228954986692107688, 234686772832297363, 18270624041335622241, 10646812408291924251, 9029926474437922728, 1834232902110935160]), c1: BigInt([15761353025350787930, 5178430920517638926, 872455918083659423, 4399119447607982575, 5460631947619829365, 944714991549739509]) }, c1: QuadExtField { c0: BigInt([8713305513153779041, 9258056673865074534, 15880638709118404710, 1349793126316774442, 11428122595304794958, 754793684327717004]), c1: BigInt([7197144183581118812, 5867208405431543412, 13534491540735119531, 10016036761387811415, 435008564153331436, 517055192785042249]) }, c2: QuadExtField { c0: BigInt([4712050830831956435, 6952383923588823362, 7927243438418126968, 13308320411095236001, 14296463416498715593, 1209813410001985299]), c1: BigInt([13096807369569082168, 4150059560183424911, 10655809147493807483, 16370005764589390534, 15247577429778071316, 1104350886839895470]) } } }
miller_loop: "QuadExtField(CubicExtField(QuadExtField(404475815846553392593494899926548061393927718927494499659171617046641224860542529223698511275580166587652907765695 + 786447514976802700511254194293003886132117735439640378086799932843442912547006669040732036250769204476152727158948 * u), QuadExtField(1342827573827539225792366327641141404294941954136055818394009234538177708783902187909038843118142590427946387341057 + 2316543504348643160136498794337886345347543425923542048440801969902374459416276766796946166626383491083639402380701 * u), QuadExtField(2389268574637061451606348897879469474056038361758210196967191057207355394692192711535292701716981096166807340700475 + 2645773580321516897526055506542025096568901129529310012724785910915114879688742234477648651267291793841878505711635 * u)) + CubicExtField(QuadExtField(3917897699768545207545885733930993764816064897543661515894338749715322327225615350476300129507653709012974739807656 + 2017898974590375710191446642888696865656966491238487570279473191456407568917838997148329013938411847084700144231258 * u), QuadExtField(1612229524518983327041809201386093802335659477769156982180069828944298419958724259677351124269876060168651825468769 + 1104423188644437126032059355817267840553290262604452132645424426402523740209717822911793406126003068247186910155100 * u), QuadExtField(2584145759647509291667546291931918286568069415590821055889904195077156874356449065900828921091783074659481611842003 + 2358879177397776712633523726080232774782766435916800870195350954483934377611916561212608865887489495532219255626552 * u)) * u)"
sca_c0_b0_a0_bigint1
sca_c0_b0_a1_bigint0
sca_c0_b1_a0_bigint0
sca_c0_b1_a1_bigint0
sca_c0_b2_a0_bigint0
sca_c0_b2_a1_bigint0
table len: 256
test gnark::emulated::sw_bls12381::pairing::test_pairing_check_gkr ... ok

test result: ok. 1 passed; 0 failed; 0 ignored; 0 measured; 39 filtered out; finished in 3.58s


running 0 tests

test result: ok. 0 passed; 0 failed; 0 ignored; 0 measured; 0 filtered out; finished in 0.00s


running 0 tests

test result: ok. 0 passed; 0 failed; 0 ignored; 0 measured; 1 filtered out; finished in 0.00s


running 0 tests

test result: ok. 0 passed; 0 failed; 0 ignored; 0 measured; 0 filtered out; finished in 0.00s


running 0 tests

test result: ok. 0 passed; 0 failed; 0 ignored; 0 measured; 68 filtered out; finished in 0.00s


running 0 tests

test result: ok. 0 passed; 0 failed; 0 ignored; 0 measured; 0 filtered out; finished in 0.00s


running 0 tests

test result: ok. 0 passed; 0 failed; 0 ignored; 0 measured; 1 filtered out; finished in 0.00s


running 0 tests

test result: ok. 0 passed; 0 failed; 0 ignored; 0 measured; 3 filtered out; finished in 0.00s


running 0 tests

test result: ok. 0 passed; 0 failed; 0 ignored; 0 measured; 4 filtered out; finished in 0.00s


running 0 tests

test result: ok. 0 passed; 0 failed; 0 ignored; 0 measured; 1 filtered out; finished in 0.00s


running 0 tests

test result: ok. 0 passed; 0 failed; 0 ignored; 0 measured; 1 filtered out; finished in 0.00s


running 0 tests

test result: ok. 0 passed; 0 failed; 0 ignored; 0 measured; 2 filtered out; finished in 0.00s


running 0 tests

test result: ok. 0 passed; 0 failed; 0 ignored; 0 measured; 7 filtered out; finished in 0.00s


running 0 tests

test result: ok. 0 passed; 0 failed; 0 ignored; 0 measured; 1 filtered out; finished in 0.00s


running 0 tests

test result: ok. 0 passed; 0 failed; 0 ignored; 0 measured; 2 filtered out; finished in 0.00s


running 0 tests

test result: ok. 0 passed; 0 failed; 0 ignored; 0 measured; 1 filtered out; finished in 0.00s

